Released model hashes, terrain hash and scene asset completeness passed

> g1-parkour@3.3.8 test
> node tests/assets.cjs && node tests/release-contract.cjs

Released model hashes, terrain hash and scene asset completeness passed
policy.onnx metadata is unavailable in this runtime. Using ONNX fallback parser.
policy.onnx metadata keys: [
  'joint_names',
  'action_scale',
  'default_joint_pos',
  'joint_stiffness',
  'joint_damping',
  'kp',
  'kd',
  'command_names',
  'observation_names',
  'anchor_body_name',
  'body_names'
]
Policy joint names: [
  'left_hip_pitch_joint',
  'left_hip_roll_joint',
  'left_hip_yaw_joint',
  'left_knee_joint',
  'left_ankle_pitch_joint',
  'left_ankle_roll_joint',
  'right_hip_pitch_joint',
  'right_hip_roll_joint',
  'right_hip_yaw_joint',
  'right_knee_joint',
  'right_ankle_pitch_joint',
  'right_ankle_roll_joint',
  'waist_yaw_joint',
  'waist_roll_joint',
  'waist_pitch_joint',
  'left_shoulder_pitch_joint',
  'left_shoulder_roll_joint',
  'left_shoulder_yaw_joint',
  'left_elbow_joint',
  'left_wrist_roll_joint',
  'left_wrist_pitch_joint',
  'left_wrist_yaw_joint',
  'right_shoulder_pitch_joint',
  'right_shoulder_roll_joint',
  'right_shoulder_yaw_joint',
  'right_elbow_joint',
  'right_wrist_roll_joint',
  'right_wrist_pitch_joint',
  'right_wrist_yaw_joint'
]
Native observation/action parity { actionError: 1.4901161193847656e-7 }
{
  "status": "passed",
  "nativeDepthCases": 3,
  "maxDepthError": 0.000006735324859619141,
  "observationDimension": 140,
  "mappedJoints": 29,
  "mappedActuators": 29,
  "mujocoVersion": "3.3.8"
}
npm notice
npm notice New major version of npm available! 10.9.9 -> 12.2.0
npm notice Changelog: https://github.com/npm/cli/releases/tag/v12.2.0
npm notice To update run: npm install -g npm@12.2.0
npm notice
